
Discarded input sections

 .text          0x00000000        0x0 ..\obj\startup_stm32f10x_md_vl.o
 .data          0x00000000        0x0 ..\obj\startup_stm32f10x_md_vl.o
 .bss           0x00000000        0x0 ..\obj\startup_stm32f10x_md_vl.o
 .text          0x00000000        0x0 ..\obj\system_stm32f10x.o
 .data          0x00000000       0x14 ..\obj\system_stm32f10x.o
 .bss           0x00000000        0x0 ..\obj\system_stm32f10x.o
 .text.SystemCoreClockUpdate
                0x00000000       0xe0 ..\obj\system_stm32f10x.o
 .text          0x00000000        0x0 ..\obj\main.o
 .data          0x00000000        0x6 ..\obj\main.o
 .text          0x00000000        0x0 ..\obj\stm32f10x_rcc.o
 .data          0x00000000       0x14 ..\obj\stm32f10x_rcc.o
 .bss           0x00000000        0x0 ..\obj\stm32f10x_rcc.o
 .text.RCC_DeInit
                0x00000000       0x64 ..\obj\stm32f10x_rcc.o
 .text.RCC_HSEConfig
                0x00000000       0x5c ..\obj\stm32f10x_rcc.o
 .text.RCC_WaitForHSEStartUp
                0x00000000       0x50 ..\obj\stm32f10x_rcc.o
 .text.RCC_AdjustHSICalibrationValue
                0x00000000       0x3c ..\obj\stm32f10x_rcc.o
 .text.RCC_HSICmd
                0x00000000       0x20 ..\obj\stm32f10x_rcc.o
 .text.RCC_PLLConfig
                0x00000000       0x3c ..\obj\stm32f10x_rcc.o
 .text.RCC_PLLCmd
                0x00000000       0x20 ..\obj\stm32f10x_rcc.o
 .text.RCC_PREDIV1Config
                0x00000000       0x40 ..\obj\stm32f10x_rcc.o
 .text.RCC_SYSCLKConfig
                0x00000000       0x38 ..\obj\stm32f10x_rcc.o
 .text.RCC_GetSYSCLKSource
                0x00000000       0x1c ..\obj\stm32f10x_rcc.o
 .text.RCC_HCLKConfig
                0x00000000       0x38 ..\obj\stm32f10x_rcc.o
 .text.RCC_PCLK1Config
                0x00000000       0x38 ..\obj\stm32f10x_rcc.o
 .text.RCC_PCLK2Config
                0x00000000       0x38 ..\obj\stm32f10x_rcc.o
 .text.RCC_ITConfig
                0x00000000       0x4c ..\obj\stm32f10x_rcc.o
 .text.RCC_USBCLKConfig
                0x00000000       0x1c ..\obj\stm32f10x_rcc.o
 .text.RCC_ADCCLKConfig
                0x00000000       0x38 ..\obj\stm32f10x_rcc.o
 .text.RCC_LSEConfig
                0x00000000       0x40 ..\obj\stm32f10x_rcc.o
 .text.RCC_LSICmd
                0x00000000       0x20 ..\obj\stm32f10x_rcc.o
 .text.RCC_RTCCLKConfig
                0x00000000       0x24 ..\obj\stm32f10x_rcc.o
 .text.RCC_RTCCLKCmd
                0x00000000       0x20 ..\obj\stm32f10x_rcc.o
 .text.RCC_GetClocksFreq
                0x00000000      0x168 ..\obj\stm32f10x_rcc.o
 .text.RCC_AHBPeriphClockCmd
                0x00000000       0x3c ..\obj\stm32f10x_rcc.o
 .text.RCC_APB2PeriphClockCmd
                0x00000000       0x3c ..\obj\stm32f10x_rcc.o
 .text.RCC_APB1PeriphClockCmd
                0x00000000       0x3c ..\obj\stm32f10x_rcc.o
 .text.RCC_APB2PeriphResetCmd
                0x00000000       0x3c ..\obj\stm32f10x_rcc.o
 .text.RCC_APB1PeriphResetCmd
                0x00000000       0x3c ..\obj\stm32f10x_rcc.o
 .text.RCC_BackupResetCmd
                0x00000000       0x20 ..\obj\stm32f10x_rcc.o
 .text.RCC_ClockSecuritySystemCmd
                0x00000000       0x20 ..\obj\stm32f10x_rcc.o
 .text.RCC_MCOConfig
                0x00000000       0x20 ..\obj\stm32f10x_rcc.o
 .text.RCC_GetFlagStatus
                0x00000000       0x74 ..\obj\stm32f10x_rcc.o
 .text.RCC_ClearFlag
                0x00000000       0x1c ..\obj\stm32f10x_rcc.o
 .text.RCC_GetITStatus
                0x00000000       0x34 ..\obj\stm32f10x_rcc.o
 .text.RCC_ClearITPendingBit
                0x00000000       0x20 ..\obj\stm32f10x_rcc.o
 .debug_info    0x00000000      0x8c7 ..\obj\stm32f10x_rcc.o
 .debug_abbrev  0x00000000      0x1e0 ..\obj\stm32f10x_rcc.o
 .debug_aranges
                0x00000000      0x120 ..\obj\stm32f10x_rcc.o
 .debug_rnglists
                0x00000000       0xd4 ..\obj\stm32f10x_rcc.o
 .debug_line    0x00000000      0x7cd ..\obj\stm32f10x_rcc.o
 .debug_str     0x00000000      0x671 ..\obj\stm32f10x_rcc.o
 .comment       0x00000000       0x56 ..\obj\stm32f10x_rcc.o
 .debug_frame   0x00000000      0x51c ..\obj\stm32f10x_rcc.o
 .ARM.attributes
                0x00000000       0x2d ..\obj\stm32f10x_rcc.o

Memory Configuration

Name             Origin             Length             Attributes
rom              0x08000000         0x00020000         xr
ram              0x20000000         0x00002000         xrw
*default*        0x00000000         0xffffffff

Linker script and memory map

                0x20002000                        _eram = 0x20002000

.text           0x08000000      0xbe0
 *(.isr_vector)
 .isr_vector    0x08000000      0x124 ..\obj\startup_stm32f10x_md_vl.o
                0x08000000                g_pfnVectors
 *(.text*)
 .text.Default_Reset_Handler
                0x08000124       0x60 ..\obj\startup_stm32f10x_md_vl.o
                0x08000124                Default_Reset_Handler
                0x08000124                Reset_Handler
 .text.Default_Handler
                0x08000184        0x8 ..\obj\startup_stm32f10x_md_vl.o
                0x08000184                EXTI2_IRQHandler
                0x08000184                DebugMon_Handler
                0x08000184                TIM1_CC_IRQHandler
                0x08000184                HardFault_Handler
                0x08000184                SysTick_Handler
                0x08000184                PVD_IRQHandler
                0x08000184                PendSV_Handler
                0x08000184                NMI_Handler
                0x08000184                EXTI3_IRQHandler
                0x08000184                EXTI0_IRQHandler
                0x08000184                I2C2_EV_IRQHandler
                0x08000184                TIM1_UP_TIM16_IRQHandler
                0x08000184                UsageFault_Handler
                0x08000184                SPI1_IRQHandler
                0x08000184                TAMPER_IRQHandler
                0x08000184                ADC1_IRQHandler
                0x08000184                USART3_IRQHandler
                0x08000184                RTC_IRQHandler
                0x08000184                DMA1_Channel7_IRQHandler
                0x08000184                TIM4_IRQHandler
                0x08000184                I2C1_EV_IRQHandler
                0x08000184                DMA1_Channel6_IRQHandler
                0x08000184                TIM3_IRQHandler
                0x08000184                RCC_IRQHandler
                0x08000184                DMA1_Channel1_IRQHandler
                0x08000184                CEC_IRQHandler
                0x08000184                EXTI15_10_IRQHandler
                0x08000184                TIM7_IRQHandler
                0x08000184                EXTI9_5_IRQHandler
                0x08000184                SPI2_IRQHandler
                0x08000184                MemManage_Handler
                0x08000184                SVC_Handler
                0x08000184                EXTI4_IRQHandler
                0x08000184                TIM1_TRG_COM_TIM17_IRQHandler
                0x08000184                DMA1_Channel3_IRQHandler
                0x08000184                WWDG_IRQHandler
                0x08000184                TIM2_IRQHandler
                0x08000184                EXTI1_IRQHandler
                0x08000184                RTCAlarm_IRQHandler
                0x08000184                USART2_IRQHandler
                0x08000184                I2C2_ER_IRQHandler
                0x08000184                DMA1_Channel2_IRQHandler
                0x08000184                FLASH_IRQHandler
                0x08000184                BusFault_Handler
                0x08000184                USART1_IRQHandler
                0x08000184                I2C1_ER_IRQHandler
                0x08000184                TIM1_BRK_TIM15_IRQHandler
 .text.SystemInit
                0x0800018c       0x70 ..\obj\system_stm32f10x.o
                0x0800018c                SystemInit
 .text.SetSysClock
                0x080001fc        0xc ..\obj\system_stm32f10x.o
 .text.SetSysClockTo24
                0x08000208       0xd4 ..\obj\system_stm32f10x.o
 .text.NVIC_EnableIRQ
                0x080002dc       0x30 ..\obj\main.o
 .text.Send     0x0800030c       0x6c ..\obj\main.o
                0x0800030c                Send
 .text.Delay_mc
                0x08000378       0x48 ..\obj\main.o
                0x08000378                Delay_mc
 .text.Data     0x080003c0       0x88 ..\obj\main.o
                0x080003c0                Data
 .text.Command  0x08000448       0x88 ..\obj\main.o
                0x08000448                Command
 .text.TIME     0x080004d0       0x64 ..\obj\main.o
                0x080004d0                TIME
 .text.SPI2_Init
                0x08000534      0x13c ..\obj\main.o
                0x08000534                SPI2_Init
 .text.DMA_Init
                0x08000670       0xb0 ..\obj\main.o
                0x08000670                DMA_Init
 .text.TIM6_DAC_IRQHandler
                0x08000720      0x344 ..\obj\main.o
                0x08000720                TIM6_DAC_IRQHandler
 .text.DMA1_Channel5_IRQHandler
                0x08000a64       0x60 ..\obj\main.o
                0x08000a64                DMA1_Channel5_IRQHandler
 .text.DMA1_Channel4_IRQHandler
                0x08000ac4       0x2c ..\obj\main.o
                0x08000ac4                DMA1_Channel4_IRQHandler
 .text.main     0x08000af0       0xf0 ..\obj\main.o
                0x08000af0                main
 *(.init)
 *(.fini)
 *crtbegin.o(.ctors)
 *crtbegin?.o(.ctors)
 *(EXCLUDE_FILE(*crtend.o *crtend?.o) .ctors)
 *(SORT_BY_NAME(.ctors.*))
 *(.ctors)
 *crtbegin.o(.dtors)
 *crtbegin?.o(.dtors)
 *(EXCLUDE_FILE(*crtend.o *crtend?.o) .dtors)
 *(SORT_BY_NAME(.dtors.*))
 *(.dtors)
 *(.rodata*)
 *(.eh_fram e*)

.glue_7         0x08000be0        0x0
 .glue_7        0x08000be0        0x0 linker stubs

.glue_7t        0x08000be0        0x0
 .glue_7t       0x08000be0        0x0 linker stubs

.vfp11_veneer   0x08000be0        0x0
 .vfp11_veneer  0x08000be0        0x0 linker stubs

.v4_bx          0x08000be0        0x0
 .v4_bx         0x08000be0        0x0 linker stubs

.iplt           0x08000be0        0x0
 .iplt          0x08000be0        0x0 ..\obj\startup_stm32f10x_md_vl.o

.rel.dyn        0x08000be0        0x0
 .rel.iplt      0x08000be0        0x0 ..\obj\startup_stm32f10x_md_vl.o

.ARM.extab
 *(.ARM.extab* .gnu.linkonce.armextab.*)
                0x08000be0                        __exidx_start = .

.ARM.exidx
 *(.ARM.exidx* .gnu.linkonce.armexidx.*)
                0x08000be0                        __exidx_end = .
                0x08000be0                        __etext = .
                0x08000be0                        _sidata = __etext

.data           0x20000000        0x0 load address 0x08000be0
                0x20000000                        __data_start__ = .
                0x20000000                        _sdata = __data_start__
 *(vtable)
 *(.data*)
                0x20000000                        . = ALIGN (0x4)
                [!provide]                        PROVIDE (__preinit_array_start = .)
 *(.preinit_array)
                [!provide]                        PROVIDE (__preinit_array_end = .)
                0x20000000                        . = ALIGN (0x4)
                [!provide]                        PROVIDE (__init_array_start = .)
 *(SORT_BY_NAME(.init_array.*))
 *(.init_array)
                [!provide]                        PROVIDE (__init_array_end = .)
                0x20000000                        . = ALIGN (0x4)
                [!provide]                        PROVIDE (__fini_array_start = .)
 *(SORT_BY_NAME(.fini_array.*))
 *(.fini_array)
                [!provide]                        PROVIDE (__fini_array_end = .)
 *(.jcr*)
                0x20000000                        . = ALIGN (0x4)
                0x20000000                        __data_end__ = .
                0x20000000                        _edata = __data_end__

.igot.plt       0x20000000        0x0
 .igot.plt      0x20000000        0x0 ..\obj\startup_stm32f10x_md_vl.o

.bss            0x20000000       0x30
                0x20000000                        . = ALIGN (0x4)
                0x20000000                        __bss_start__ = .
                0x20000000                        _sbss = __bss_start__
 *(.bss*)
 .bss           0x20000000       0x2d ..\obj\main.o
                0x20000000                Ekran
                0x20000010                i
                0x20000014                Time
                0x20000018                Taktov
                0x2000001c                command
                0x20000020                data
                0x20000024                count_tic
                0x20000028                sekynd
                0x2000002c                Vigryzka
 *(COMMON)
                0x20000030                        . = ALIGN (0x4)
 *fill*         0x2000002d        0x3 
                0x20000030                        __bss_end__ = .
                0x20000030                        _ebss = __bss_end__

.heap           0x20000030        0x0
                0x20000030                        __end__ = .
                0x20000030                        _end = __end__
                0x20000030                        end = __end__
 *(.heap*)
                0x20000030                        __HeapLimit = .

.co_stack       0x20000030      0x400
                0x20000030                        . = ALIGN (0x8)
 *(.co_stack .co_stack.*)
 .co_stack      0x20000030      0x400 ..\obj\startup_stm32f10x_md_vl.o
                0x20000030                pulStack
                0x20002000                        __StackTop = (ORIGIN (ram) + LENGTH (ram))
                0x20001c00                        __StackLimit = (__StackTop - SIZEOF (.co_stack))
                [!provide]                        PROVIDE (__stack = __StackTop)
                0x00000001                        ASSERT ((__StackLimit >= __HeapLimit), region ram  overflowed with stack)
LOAD ..\obj\startup_stm32f10x_md_vl.o
LOAD ..\obj\system_stm32f10x.o
LOAD ..\obj\main.o
LOAD ..\obj\stm32f10x_rcc.o
START GROUP
LOAD c:/stm32/coide/arm-gnu-toolchain-12.2.mpacbti-rel1-mingw-w64-i686-arm-none-eabi/bin/../lib/gcc/arm-none-eabi/12.2.1/thumb/v7-m/nofp\libgcc.a
LOAD c:/stm32/coide/arm-gnu-toolchain-12.2.mpacbti-rel1-mingw-w64-i686-arm-none-eabi/bin/../lib/gcc/arm-none-eabi/12.2.1/thumb/v7-m/nofp\libg.a
LOAD c:/stm32/coide/arm-gnu-toolchain-12.2.mpacbti-rel1-mingw-w64-i686-arm-none-eabi/bin/../lib/gcc/arm-none-eabi/12.2.1/thumb/v7-m/nofp\libc.a
END GROUP
OUTPUT(SPI.v.2.elf elf32-littlearm)
LOAD linker stubs

.debug_info     0x00000000     0x101f
 .debug_info    0x00000000      0x105 ..\obj\startup_stm32f10x_md_vl.o
 .debug_info    0x00000105      0x43e ..\obj\system_stm32f10x.o
 .debug_info    0x00000543      0xadc ..\obj\main.o

.debug_abbrev   0x00000000      0x4b4
 .debug_abbrev  0x00000000       0xec ..\obj\startup_stm32f10x_md_vl.o
 .debug_abbrev  0x000000ec      0x17d ..\obj\system_stm32f10x.o
 .debug_abbrev  0x00000269      0x24b ..\obj\main.o

.debug_aranges  0x00000000       0xd8
 .debug_aranges
                0x00000000       0x28 ..\obj\startup_stm32f10x_md_vl.o
 .debug_aranges
                0x00000028       0x38 ..\obj\system_stm32f10x.o
 .debug_aranges
                0x00000060       0x78 ..\obj\main.o

.debug_rnglists
                0x00000000       0x9b
 .debug_rnglists
                0x00000000       0x19 ..\obj\startup_stm32f10x_md_vl.o
 .debug_rnglists
                0x00000019       0x27 ..\obj\system_stm32f10x.o
 .debug_rnglists
                0x00000040       0x5b ..\obj\main.o

.debug_line     0x00000000      0xa7d
 .debug_line    0x00000000       0xc2 ..\obj\startup_stm32f10x_md_vl.o
 .debug_line    0x000000c2      0x370 ..\obj\system_stm32f10x.o
 .debug_line    0x00000432      0x64b ..\obj\main.o

.debug_str      0x00000000      0x8b5
 .debug_str     0x00000000      0x163 ..\obj\startup_stm32f10x_md_vl.o
                                0x182 (size before relaxing)
 .debug_str     0x00000163      0x1df ..\obj\system_stm32f10x.o
                                0x2de (size before relaxing)
 .debug_str     0x00000342      0x573 ..\obj\main.o
                                0x730 (size before relaxing)

.comment        0x00000000       0x55
 .comment       0x00000000       0x55 ..\obj\startup_stm32f10x_md_vl.o
                                 0x56 (size before relaxing)
 .comment       0x00000055       0x56 ..\obj\system_stm32f10x.o
 .comment       0x00000055       0x56 ..\obj\main.o

.ARM.attributes
                0x00000000       0x2d
 .ARM.attributes
                0x00000000       0x2d ..\obj\startup_stm32f10x_md_vl.o
 .ARM.attributes
                0x0000002d       0x2d ..\obj\system_stm32f10x.o
 .ARM.attributes
                0x0000005a       0x2d ..\obj\main.o

.debug_frame    0x00000000      0x284
 .debug_frame   0x00000000       0x4c ..\obj\startup_stm32f10x_md_vl.o
 .debug_frame   0x0000004c       0x98 ..\obj\system_stm32f10x.o
 .debug_frame   0x000000e4      0x1a0 ..\obj\main.o
