Archive member included to satisfy reference by file (symbol)

c:/stm32/coide/arm-gnu-toolchain-12.2.mpacbti-rel1-mingw-w64-i686-arm-none-eabi/bin/../lib/gcc/arm-none-eabi/12.2.1/thumb/v7-m/nofp\libm.a(libm_a-s_sin.o)
                              ..\obj\main.o (sin)
c:/stm32/coide/arm-gnu-toolchain-12.2.mpacbti-rel1-mingw-w64-i686-arm-none-eabi/bin/../lib/gcc/arm-none-eabi/12.2.1/thumb/v7-m/nofp\libm.a(libm_a-k_cos.o)
                              c:/stm32/coide/arm-gnu-toolchain-12.2.mpacbti-rel1-mingw-w64-i686-arm-none-eabi/bin/../lib/gcc/arm-none-eabi/12.2.1/thumb/v7-m/nofp\libm.a(libm_a-s_sin.o) (__kernel_cos)
c:/stm32/coide/arm-gnu-toolchain-12.2.mpacbti-rel1-mingw-w64-i686-arm-none-eabi/bin/../lib/gcc/arm-none-eabi/12.2.1/thumb/v7-m/nofp\libm.a(libm_a-k_sin.o)
                              c:/stm32/coide/arm-gnu-toolchain-12.2.mpacbti-rel1-mingw-w64-i686-arm-none-eabi/bin/../lib/gcc/arm-none-eabi/12.2.1/thumb/v7-m/nofp\libm.a(libm_a-s_sin.o) (__kernel_sin)
c:/stm32/coide/arm-gnu-toolchain-12.2.mpacbti-rel1-mingw-w64-i686-arm-none-eabi/bin/../lib/gcc/arm-none-eabi/12.2.1/thumb/v7-m/nofp\libm.a(libm_a-e_rem_pio2.o)
                              c:/stm32/coide/arm-gnu-toolchain-12.2.mpacbti-rel1-mingw-w64-i686-arm-none-eabi/bin/../lib/gcc/arm-none-eabi/12.2.1/thumb/v7-m/nofp\libm.a(libm_a-s_sin.o) (__ieee754_rem_pio2)
c:/stm32/coide/arm-gnu-toolchain-12.2.mpacbti-rel1-mingw-w64-i686-arm-none-eabi/bin/../lib/gcc/arm-none-eabi/12.2.1/thumb/v7-m/nofp\libm.a(libm_a-s_fabs.o)
                              c:/stm32/coide/arm-gnu-toolchain-12.2.mpacbti-rel1-mingw-w64-i686-arm-none-eabi/bin/../lib/gcc/arm-none-eabi/12.2.1/thumb/v7-m/nofp\libm.a(libm_a-e_rem_pio2.o) (fabs)
c:/stm32/coide/arm-gnu-toolchain-12.2.mpacbti-rel1-mingw-w64-i686-arm-none-eabi/bin/../lib/gcc/arm-none-eabi/12.2.1/thumb/v7-m/nofp\libm.a(libm_a-k_rem_pio2.o)
                              c:/stm32/coide/arm-gnu-toolchain-12.2.mpacbti-rel1-mingw-w64-i686-arm-none-eabi/bin/../lib/gcc/arm-none-eabi/12.2.1/thumb/v7-m/nofp\libm.a(libm_a-e_rem_pio2.o) (__kernel_rem_pio2)
c:/stm32/coide/arm-gnu-toolchain-12.2.mpacbti-rel1-mingw-w64-i686-arm-none-eabi/bin/../lib/gcc/arm-none-eabi/12.2.1/thumb/v7-m/nofp\libm.a(libm_a-s_scalbn.o)
                              c:/stm32/coide/arm-gnu-toolchain-12.2.mpacbti-rel1-mingw-w64-i686-arm-none-eabi/bin/../lib/gcc/arm-none-eabi/12.2.1/thumb/v7-m/nofp\libm.a(libm_a-k_rem_pio2.o) (scalbn)
c:/stm32/coide/arm-gnu-toolchain-12.2.mpacbti-rel1-mingw-w64-i686-arm-none-eabi/bin/../lib/gcc/arm-none-eabi/12.2.1/thumb/v7-m/nofp\libm.a(libm_a-s_floor.o)
                              c:/stm32/coide/arm-gnu-toolchain-12.2.mpacbti-rel1-mingw-w64-i686-arm-none-eabi/bin/../lib/gcc/arm-none-eabi/12.2.1/thumb/v7-m/nofp\libm.a(libm_a-k_rem_pio2.o) (floor)
c:/stm32/coide/arm-gnu-toolchain-12.2.mpacbti-rel1-mingw-w64-i686-arm-none-eabi/bin/../lib/gcc/arm-none-eabi/12.2.1/thumb/v7-m/nofp\libgcc.a(_arm_muldf3.o)
                              ..\obj\main.o (__aeabi_dmul)
c:/stm32/coide/arm-gnu-toolchain-12.2.mpacbti-rel1-mingw-w64-i686-arm-none-eabi/bin/../lib/gcc/arm-none-eabi/12.2.1/thumb/v7-m/nofp\libgcc.a(_arm_addsubdf3.o)
                              c:/stm32/coide/arm-gnu-toolchain-12.2.mpacbti-rel1-mingw-w64-i686-arm-none-eabi/bin/../lib/gcc/arm-none-eabi/12.2.1/thumb/v7-m/nofp\libm.a(libm_a-s_sin.o) (__aeabi_dsub)
c:/stm32/coide/arm-gnu-toolchain-12.2.mpacbti-rel1-mingw-w64-i686-arm-none-eabi/bin/../lib/gcc/arm-none-eabi/12.2.1/thumb/v7-m/nofp\libgcc.a(_arm_muldivdf3.o)
                              ..\obj\main.o (__aeabi_ddiv)
c:/stm32/coide/arm-gnu-toolchain-12.2.mpacbti-rel1-mingw-w64-i686-arm-none-eabi/bin/../lib/gcc/arm-none-eabi/12.2.1/thumb/v7-m/nofp\libgcc.a(_arm_cmpdf2.o)
                              c:/stm32/coide/arm-gnu-toolchain-12.2.mpacbti-rel1-mingw-w64-i686-arm-none-eabi/bin/../lib/gcc/arm-none-eabi/12.2.1/thumb/v7-m/nofp\libm.a(libm_a-e_rem_pio2.o) (__aeabi_dcmpeq)
c:/stm32/coide/arm-gnu-toolchain-12.2.mpacbti-rel1-mingw-w64-i686-arm-none-eabi/bin/../lib/gcc/arm-none-eabi/12.2.1/thumb/v7-m/nofp\libgcc.a(_arm_fixdfsi.o)
                              ..\obj\main.o (__aeabi_d2iz)

Discarded input sections

 .text          0x00000000        0x0 ..\obj\startup_stm32f10x_md_vl.o
 .data          0x00000000        0x0 ..\obj\startup_stm32f10x_md_vl.o
 .bss           0x00000000        0x0 ..\obj\startup_stm32f10x_md_vl.o
 .text          0x00000000        0x0 ..\obj\system_stm32f10x.o
 .data          0x00000000       0x14 ..\obj\system_stm32f10x.o
 .bss           0x00000000        0x0 ..\obj\system_stm32f10x.o
 .text.SystemCoreClockUpdate
                0x00000000       0xe0 ..\obj\system_stm32f10x.o
 .text          0x00000000        0x0 ..\obj\Sinys_PA4_KEY.o
 .data          0x00000000        0x0 ..\obj\Sinys_PA4_KEY.o
 .bss           0x00000000        0x0 ..\obj\Sinys_PA4_KEY.o
 .text          0x00000000        0x0 ..\obj\main.o
 .data          0x00000000        0x0 ..\obj\main.o
 .text.DMA1_Chanel3_IRQHandler
                0x00000000       0x50 ..\obj\main.o
 .text          0x00000000        0x0 ..\obj\PWM_PC9_A0_TIM3.o
 .data          0x00000000        0x0 ..\obj\PWM_PC9_A0_TIM3.o
 .bss           0x00000000        0x0 ..\obj\PWM_PC9_A0_TIM3.o
 .text          0x00000000        0x0 c:/stm32/coide/arm-gnu-toolchain-12.2.mpacbti-rel1-mingw-w64-i686-arm-none-eabi/bin/../lib/gcc/arm-none-eabi/12.2.1/thumb/v7-m/nofp\libm.a(libm_a-s_sin.o)
 .data          0x00000000        0x0 c:/stm32/coide/arm-gnu-toolchain-12.2.mpacbti-rel1-mingw-w64-i686-arm-none-eabi/bin/../lib/gcc/arm-none-eabi/12.2.1/thumb/v7-m/nofp\libm.a(libm_a-s_sin.o)
 .bss           0x00000000        0x0 c:/stm32/coide/arm-gnu-toolchain-12.2.mpacbti-rel1-mingw-w64-i686-arm-none-eabi/bin/../lib/gcc/arm-none-eabi/12.2.1/thumb/v7-m/nofp\libm.a(libm_a-s_sin.o)
 .text          0x00000000        0x0 c:/stm32/coide/arm-gnu-toolchain-12.2.mpacbti-rel1-mingw-w64-i686-arm-none-eabi/bin/../lib/gcc/arm-none-eabi/12.2.1/thumb/v7-m/nofp\libm.a(libm_a-k_cos.o)
 .data          0x00000000        0x0 c:/stm32/coide/arm-gnu-toolchain-12.2.mpacbti-rel1-mingw-w64-i686-arm-none-eabi/bin/../lib/gcc/arm-none-eabi/12.2.1/thumb/v7-m/nofp\libm.a(libm_a-k_cos.o)
 .bss           0x00000000        0x0 c:/stm32/coide/arm-gnu-toolchain-12.2.mpacbti-rel1-mingw-w64-i686-arm-none-eabi/bin/../lib/gcc/arm-none-eabi/12.2.1/thumb/v7-m/nofp\libm.a(libm_a-k_cos.o)
 .text          0x00000000        0x0 c:/stm32/coide/arm-gnu-toolchain-12.2.mpacbti-rel1-mingw-w64-i686-arm-none-eabi/bin/../lib/gcc/arm-none-eabi/12.2.1/thumb/v7-m/nofp\libm.a(libm_a-k_sin.o)
 .data          0x00000000        0x0 c:/stm32/coide/arm-gnu-toolchain-12.2.mpacbti-rel1-mingw-w64-i686-arm-none-eabi/bin/../lib/gcc/arm-none-eabi/12.2.1/thumb/v7-m/nofp\libm.a(libm_a-k_sin.o)
 .bss           0x00000000        0x0 c:/stm32/coide/arm-gnu-toolchain-12.2.mpacbti-rel1-mingw-w64-i686-arm-none-eabi/bin/../lib/gcc/arm-none-eabi/12.2.1/thumb/v7-m/nofp\libm.a(libm_a-k_sin.o)
 .text          0x00000000        0x0 c:/stm32/coide/arm-gnu-toolchain-12.2.mpacbti-rel1-mingw-w64-i686-arm-none-eabi/bin/../lib/gcc/arm-none-eabi/12.2.1/thumb/v7-m/nofp\libm.a(libm_a-e_rem_pio2.o)
 .data          0x00000000        0x0 c:/stm32/coide/arm-gnu-toolchain-12.2.mpacbti-rel1-mingw-w64-i686-arm-none-eabi/bin/../lib/gcc/arm-none-eabi/12.2.1/thumb/v7-m/nofp\libm.a(libm_a-e_rem_pio2.o)
 .bss           0x00000000        0x0 c:/stm32/coide/arm-gnu-toolchain-12.2.mpacbti-rel1-mingw-w64-i686-arm-none-eabi/bin/../lib/gcc/arm-none-eabi/12.2.1/thumb/v7-m/nofp\libm.a(libm_a-e_rem_pio2.o)
 .text          0x00000000        0x0 c:/stm32/coide/arm-gnu-toolchain-12.2.mpacbti-rel1-mingw-w64-i686-arm-none-eabi/bin/../lib/gcc/arm-none-eabi/12.2.1/thumb/v7-m/nofp\libm.a(libm_a-s_fabs.o)
 .data          0x00000000        0x0 c:/stm32/coide/arm-gnu-toolchain-12.2.mpacbti-rel1-mingw-w64-i686-arm-none-eabi/bin/../lib/gcc/arm-none-eabi/12.2.1/thumb/v7-m/nofp\libm.a(libm_a-s_fabs.o)
 .bss           0x00000000        0x0 c:/stm32/coide/arm-gnu-toolchain-12.2.mpacbti-rel1-mingw-w64-i686-arm-none-eabi/bin/../lib/gcc/arm-none-eabi/12.2.1/thumb/v7-m/nofp\libm.a(libm_a-s_fabs.o)
 .text          0x00000000        0x0 c:/stm32/coide/arm-gnu-toolchain-12.2.mpacbti-rel1-mingw-w64-i686-arm-none-eabi/bin/../lib/gcc/arm-none-eabi/12.2.1/thumb/v7-m/nofp\libm.a(libm_a-k_rem_pio2.o)
 .data          0x00000000        0x0 c:/stm32/coide/arm-gnu-toolchain-12.2.mpacbti-rel1-mingw-w64-i686-arm-none-eabi/bin/../lib/gcc/arm-none-eabi/12.2.1/thumb/v7-m/nofp\libm.a(libm_a-k_rem_pio2.o)
 .bss           0x00000000        0x0 c:/stm32/coide/arm-gnu-toolchain-12.2.mpacbti-rel1-mingw-w64-i686-arm-none-eabi/bin/../lib/gcc/arm-none-eabi/12.2.1/thumb/v7-m/nofp\libm.a(libm_a-k_rem_pio2.o)
 .text          0x00000000        0x0 c:/stm32/coide/arm-gnu-toolchain-12.2.mpacbti-rel1-mingw-w64-i686-arm-none-eabi/bin/../lib/gcc/arm-none-eabi/12.2.1/thumb/v7-m/nofp\libm.a(libm_a-s_scalbn.o)
 .data          0x00000000        0x0 c:/stm32/coide/arm-gnu-toolchain-12.2.mpacbti-rel1-mingw-w64-i686-arm-none-eabi/bin/../lib/gcc/arm-none-eabi/12.2.1/thumb/v7-m/nofp\libm.a(libm_a-s_scalbn.o)
 .bss           0x00000000        0x0 c:/stm32/coide/arm-gnu-toolchain-12.2.mpacbti-rel1-mingw-w64-i686-arm-none-eabi/bin/../lib/gcc/arm-none-eabi/12.2.1/thumb/v7-m/nofp\libm.a(libm_a-s_scalbn.o)
 .text          0x00000000        0x0 c:/stm32/coide/arm-gnu-toolchain-12.2.mpacbti-rel1-mingw-w64-i686-arm-none-eabi/bin/../lib/gcc/arm-none-eabi/12.2.1/thumb/v7-m/nofp\libm.a(libm_a-s_floor.o)
 .data          0x00000000        0x0 c:/stm32/coide/arm-gnu-toolchain-12.2.mpacbti-rel1-mingw-w64-i686-arm-none-eabi/bin/../lib/gcc/arm-none-eabi/12.2.1/thumb/v7-m/nofp\libm.a(libm_a-s_floor.o)
 .bss           0x00000000        0x0 c:/stm32/coide/arm-gnu-toolchain-12.2.mpacbti-rel1-mingw-w64-i686-arm-none-eabi/bin/../lib/gcc/arm-none-eabi/12.2.1/thumb/v7-m/nofp\libm.a(libm_a-s_floor.o)
 .text          0x00000000      0x254 c:/stm32/coide/arm-gnu-toolchain-12.2.mpacbti-rel1-mingw-w64-i686-arm-none-eabi/bin/../lib/gcc/arm-none-eabi/12.2.1/thumb/v7-m/nofp\libgcc.a(_arm_muldf3.o)
 .data          0x00000000        0x0 c:/stm32/coide/arm-gnu-toolchain-12.2.mpacbti-rel1-mingw-w64-i686-arm-none-eabi/bin/../lib/gcc/arm-none-eabi/12.2.1/thumb/v7-m/nofp\libgcc.a(_arm_muldf3.o)
 .bss           0x00000000        0x0 c:/stm32/coide/arm-gnu-toolchain-12.2.mpacbti-rel1-mingw-w64-i686-arm-none-eabi/bin/../lib/gcc/arm-none-eabi/12.2.1/thumb/v7-m/nofp\libgcc.a(_arm_muldf3.o)
 .debug_line_str
                0x00000000       0xda c:/stm32/coide/arm-gnu-toolchain-12.2.mpacbti-rel1-mingw-w64-i686-arm-none-eabi/bin/../lib/gcc/arm-none-eabi/12.2.1/thumb/v7-m/nofp\libgcc.a(_arm_muldf3.o)
 .debug_frame   0x00000000       0x30 c:/stm32/coide/arm-gnu-toolchain-12.2.mpacbti-rel1-mingw-w64-i686-arm-none-eabi/bin/../lib/gcc/arm-none-eabi/12.2.1/thumb/v7-m/nofp\libgcc.a(_arm_muldf3.o)
 .ARM.attributes
                0x00000000       0x1d c:/stm32/coide/arm-gnu-toolchain-12.2.mpacbti-rel1-mingw-w64-i686-arm-none-eabi/bin/../lib/gcc/arm-none-eabi/12.2.1/thumb/v7-m/nofp\libgcc.a(_arm_muldf3.o)
 .data          0x00000000        0x0 c:/stm32/coide/arm-gnu-toolchain-12.2.mpacbti-rel1-mingw-w64-i686-arm-none-eabi/bin/../lib/gcc/arm-none-eabi/12.2.1/thumb/v7-m/nofp\libgcc.a(_arm_addsubdf3.o)
 .bss           0x00000000        0x0 c:/stm32/coide/arm-gnu-toolchain-12.2.mpacbti-rel1-mingw-w64-i686-arm-none-eabi/bin/../lib/gcc/arm-none-eabi/12.2.1/thumb/v7-m/nofp\libgcc.a(_arm_addsubdf3.o)
 .data          0x00000000        0x0 c:/stm32/coide/arm-gnu-toolchain-12.2.mpacbti-rel1-mingw-w64-i686-arm-none-eabi/bin/../lib/gcc/arm-none-eabi/12.2.1/thumb/v7-m/nofp\libgcc.a(_arm_muldivdf3.o)
 .bss           0x00000000        0x0 c:/stm32/coide/arm-gnu-toolchain-12.2.mpacbti-rel1-mingw-w64-i686-arm-none-eabi/bin/../lib/gcc/arm-none-eabi/12.2.1/thumb/v7-m/nofp\libgcc.a(_arm_muldivdf3.o)
 .data          0x00000000        0x0 c:/stm32/coide/arm-gnu-toolchain-12.2.mpacbti-rel1-mingw-w64-i686-arm-none-eabi/bin/../lib/gcc/arm-none-eabi/12.2.1/thumb/v7-m/nofp\libgcc.a(_arm_cmpdf2.o)
 .bss           0x00000000        0x0 c:/stm32/coide/arm-gnu-toolchain-12.2.mpacbti-rel1-mingw-w64-i686-arm-none-eabi/bin/../lib/gcc/arm-none-eabi/12.2.1/thumb/v7-m/nofp\libgcc.a(_arm_cmpdf2.o)
 .data          0x00000000        0x0 c:/stm32/coide/arm-gnu-toolchain-12.2.mpacbti-rel1-mingw-w64-i686-arm-none-eabi/bin/../lib/gcc/arm-none-eabi/12.2.1/thumb/v7-m/nofp\libgcc.a(_arm_fixdfsi.o)
 .bss           0x00000000        0x0 c:/stm32/coide/arm-gnu-toolchain-12.2.mpacbti-rel1-mingw-w64-i686-arm-none-eabi/bin/../lib/gcc/arm-none-eabi/12.2.1/thumb/v7-m/nofp\libgcc.a(_arm_fixdfsi.o)

Memory Configuration

Name             Origin             Length             Attributes
rom              0x08000000         0x00020000         xr
ram              0x20000000         0x00002000         xrw
*default*        0x00000000         0xffffffff

Linker script and memory map

                0x20002000                        _eram = 0x20002000

.text           0x08000000     0x2488
 *(.isr_vector)
 .isr_vector    0x08000000      0x124 ..\obj\startup_stm32f10x_md_vl.o
                0x08000000                g_pfnVectors
 *(.text*)
 .text.Default_Reset_Handler
                0x08000124       0x60 ..\obj\startup_stm32f10x_md_vl.o
                0x08000124                Default_Reset_Handler
                0x08000124                Reset_Handler
 .text.Default_Handler
                0x08000184        0x8 ..\obj\startup_stm32f10x_md_vl.o
                0x08000184                EXTI2_IRQHandler
                0x08000184                DebugMon_Handler
                0x08000184                TIM1_CC_IRQHandler
                0x08000184                HardFault_Handler
                0x08000184                SysTick_Handler
                0x08000184                PVD_IRQHandler
                0x08000184                PendSV_Handler
                0x08000184                NMI_Handler
                0x08000184                EXTI3_IRQHandler
                0x08000184                I2C2_EV_IRQHandler
                0x08000184                TIM1_UP_TIM16_IRQHandler
                0x08000184                UsageFault_Handler
                0x08000184                SPI1_IRQHandler
                0x08000184                TAMPER_IRQHandler
                0x08000184                TIM6_DAC_IRQHandler
                0x08000184                DMA1_Channel4_IRQHandler
                0x08000184                ADC1_IRQHandler
                0x08000184                USART3_IRQHandler
                0x08000184                RTC_IRQHandler
                0x08000184                DMA1_Channel7_IRQHandler
                0x08000184                TIM4_IRQHandler
                0x08000184                I2C1_EV_IRQHandler
                0x08000184                DMA1_Channel6_IRQHandler
                0x08000184                TIM3_IRQHandler
                0x08000184                RCC_IRQHandler
                0x08000184                DMA1_Channel1_IRQHandler
                0x08000184                CEC_IRQHandler
                0x08000184                EXTI15_10_IRQHandler
                0x08000184                TIM7_IRQHandler
                0x08000184                EXTI9_5_IRQHandler
                0x08000184                SPI2_IRQHandler
                0x08000184                MemManage_Handler
                0x08000184                SVC_Handler
                0x08000184                DMA1_Channel5_IRQHandler
                0x08000184                EXTI4_IRQHandler
                0x08000184                TIM1_TRG_COM_TIM17_IRQHandler
                0x08000184                DMA1_Channel3_IRQHandler
                0x08000184                WWDG_IRQHandler
                0x08000184                TIM2_IRQHandler
                0x08000184                EXTI1_IRQHandler
                0x08000184                RTCAlarm_IRQHandler
                0x08000184                USART2_IRQHandler
                0x08000184                I2C2_ER_IRQHandler
                0x08000184                DMA1_Channel2_IRQHandler
                0x08000184                FLASH_IRQHandler
                0x08000184                BusFault_Handler
                0x08000184                USART1_IRQHandler
                0x08000184                I2C1_ER_IRQHandler
                0x08000184                TIM1_BRK_TIM15_IRQHandler
 .text.SystemInit
                0x0800018c       0x70 ..\obj\system_stm32f10x.o
                0x0800018c                SystemInit
 .text.SetSysClock
                0x080001fc        0xc ..\obj\system_stm32f10x.o
 .text.SetSysClockTo24
                0x08000208       0xd4 ..\obj\system_stm32f10x.o
 .text.NVIC_EnableIRQ
                0x080002dc       0x30 ..\obj\Sinys_PA4_KEY.o
 .text.NVIC_SetPriority
                0x0800030c       0x54 ..\obj\Sinys_PA4_KEY.o
 .text.Sinys_PA4_KEY
                0x08000360      0x144 ..\obj\Sinys_PA4_KEY.o
                0x08000360                Sinys_PA4_KEY
 .text.NVIC_EnableIRQ
                0x080004a4       0x30 ..\obj\main.o
 .text.EXTI0_IRQHandler
                0x080004d4       0x70 ..\obj\main.o
                0x080004d4                EXTI0_IRQHandler
 *fill*         0x08000544        0x4 
 .text.main     0x08000548       0xb0 ..\obj\main.o
                0x08000548                main
 .text.PWM_PC9_A0_TIM3
                0x080005f8       0xf0 ..\obj\PWM_PC9_A0_TIM3.o
                0x080005f8                PWM_PC9_A0_TIM3
 .text.sin      0x080006e8       0x94 c:/stm32/coide/arm-gnu-toolchain-12.2.mpacbti-rel1-mingw-w64-i686-arm-none-eabi/bin/../lib/gcc/arm-none-eabi/12.2.1/thumb/v7-m/nofp\libm.a(libm_a-s_sin.o)
                0x080006e8                sin
 *fill*         0x0800077c        0x4 
 .text.__kernel_cos
                0x08000780      0x250 c:/stm32/coide/arm-gnu-toolchain-12.2.mpacbti-rel1-mingw-w64-i686-arm-none-eabi/bin/../lib/gcc/arm-none-eabi/12.2.1/thumb/v7-m/nofp\libm.a(libm_a-k_cos.o)
                0x08000780                __kernel_cos
 .text.__kernel_sin
                0x080009d0      0x16c c:/stm32/coide/arm-gnu-toolchain-12.2.mpacbti-rel1-mingw-w64-i686-arm-none-eabi/bin/../lib/gcc/arm-none-eabi/12.2.1/thumb/v7-m/nofp\libm.a(libm_a-k_sin.o)
                0x080009d0                __kernel_sin
 *fill*         0x08000b3c        0x4 
 .text.__ieee754_rem_pio2
                0x08000b40      0x41c c:/stm32/coide/arm-gnu-toolchain-12.2.mpacbti-rel1-mingw-w64-i686-arm-none-eabi/bin/../lib/gcc/arm-none-eabi/12.2.1/thumb/v7-m/nofp\libm.a(libm_a-e_rem_pio2.o)
                0x08000b40                __ieee754_rem_pio2
 .text.fabs     0x08000f5c        0x8 c:/stm32/coide/arm-gnu-toolchain-12.2.mpacbti-rel1-mingw-w64-i686-arm-none-eabi/bin/../lib/gcc/arm-none-eabi/12.2.1/thumb/v7-m/nofp\libm.a(libm_a-s_fabs.o)
                0x08000f5c                fabs
 .text.__kernel_rem_pio2
                0x08000f64      0x83c c:/stm32/coide/arm-gnu-toolchain-12.2.mpacbti-rel1-mingw-w64-i686-arm-none-eabi/bin/../lib/gcc/arm-none-eabi/12.2.1/thumb/v7-m/nofp\libm.a(libm_a-k_rem_pio2.o)
                0x08000f64                __kernel_rem_pio2
 .text.scalbn   0x080017a0      0x104 c:/stm32/coide/arm-gnu-toolchain-12.2.mpacbti-rel1-mingw-w64-i686-arm-none-eabi/bin/../lib/gcc/arm-none-eabi/12.2.1/thumb/v7-m/nofp\libm.a(libm_a-s_scalbn.o)
                0x080017a0                scalbn
 *fill*         0x080018a4        0x4 
 .text.floor    0x080018a8      0x108 c:/stm32/coide/arm-gnu-toolchain-12.2.mpacbti-rel1-mingw-w64-i686-arm-none-eabi/bin/../lib/gcc/arm-none-eabi/12.2.1/thumb/v7-m/nofp\libm.a(libm_a-s_floor.o)
                0x080018a8                floor
 .text          0x080019b0      0x378 c:/stm32/coide/arm-gnu-toolchain-12.2.mpacbti-rel1-mingw-w64-i686-arm-none-eabi/bin/../lib/gcc/arm-none-eabi/12.2.1/thumb/v7-m/nofp\libgcc.a(_arm_addsubdf3.o)
                0x080019b0                __aeabi_drsub
                0x080019b8                __aeabi_dsub
                0x080019b8                __subdf3
                0x080019bc                __aeabi_dadd
                0x080019bc                __adddf3
                0x08001c34                __floatunsidf
                0x08001c34                __aeabi_ui2d
                0x08001c54                __floatsidf
                0x08001c54                __aeabi_i2d
                0x08001c78                __aeabi_f2d
                0x08001c78                __extendsfdf2
                0x08001cbc                __floatundidf
                0x08001cbc                __aeabi_ul2d
                0x08001ccc                __floatdidf
                0x08001ccc                __aeabi_l2d
 .text          0x08001d28      0x424 c:/stm32/coide/arm-gnu-toolchain-12.2.mpacbti-rel1-mingw-w64-i686-arm-none-eabi/bin/../lib/gcc/arm-none-eabi/12.2.1/thumb/v7-m/nofp\libgcc.a(_arm_muldivdf3.o)
                0x08001d28                __aeabi_dmul
                0x08001d28                __muldf3
                0x08001f7c                __divdf3
                0x08001f7c                __aeabi_ddiv
 .text          0x0800214c      0x110 c:/stm32/coide/arm-gnu-toolchain-12.2.mpacbti-rel1-mingw-w64-i686-arm-none-eabi/bin/../lib/gcc/arm-none-eabi/12.2.1/thumb/v7-m/nofp\libgcc.a(_arm_cmpdf2.o)
                0x0800214c                __gtdf2
                0x0800214c                __gedf2
                0x08002154                __ltdf2
                0x08002154                __ledf2
                0x0800215c                __nedf2
                0x0800215c                __eqdf2
                0x0800215c                __cmpdf2
                0x080021d8                __aeabi_cdrcmple
                0x080021e8                __aeabi_cdcmpeq
                0x080021e8                __aeabi_cdcmple
                0x080021f8                __aeabi_dcmpeq
                0x0800220c                __aeabi_dcmplt
                0x08002220                __aeabi_dcmple
                0x08002234                __aeabi_dcmpge
                0x08002248                __aeabi_dcmpgt
 .text          0x0800225c       0x50 c:/stm32/coide/arm-gnu-toolchain-12.2.mpacbti-rel1-mingw-w64-i686-arm-none-eabi/bin/../lib/gcc/arm-none-eabi/12.2.1/thumb/v7-m/nofp\libgcc.a(_arm_fixdfsi.o)
                0x0800225c                __aeabi_d2iz
                0x0800225c                __fixdfsi
 *(.init)
 *(.fini)
 *crtbegin.o(.ctors)
 *crtbegin?.o(.ctors)
 *(EXCLUDE_FILE(*crtend.o *crtend?.o) .ctors)
 *(SORT_BY_NAME(.ctors.*))
 *(.ctors)
 *crtbegin.o(.dtors)
 *crtbegin?.o(.dtors)
 *(EXCLUDE_FILE(*crtend.o *crtend?.o) .dtors)
 *(SORT_BY_NAME(.dtors.*))
 *(.dtors)
 *(.rodata*)
 .rodata.npio2_hw
                0x080022ac       0x80 c:/stm32/coide/arm-gnu-toolchain-12.2.mpacbti-rel1-mingw-w64-i686-arm-none-eabi/bin/../lib/gcc/arm-none-eabi/12.2.1/thumb/v7-m/nofp\libm.a(libm_a-e_rem_pio2.o)
 .rodata.two_over_pi
                0x0800232c      0x108 c:/stm32/coide/arm-gnu-toolchain-12.2.mpacbti-rel1-mingw-w64-i686-arm-none-eabi/bin/../lib/gcc/arm-none-eabi/12.2.1/thumb/v7-m/nofp\libm.a(libm_a-e_rem_pio2.o)
 *fill*         0x08002434        0x4 
 .rodata.PIo2   0x08002438       0x40 c:/stm32/coide/arm-gnu-toolchain-12.2.mpacbti-rel1-mingw-w64-i686-arm-none-eabi/bin/../lib/gcc/arm-none-eabi/12.2.1/thumb/v7-m/nofp\libm.a(libm_a-k_rem_pio2.o)
 .rodata.init_jk
                0x08002478       0x10 c:/stm32/coide/arm-gnu-toolchain-12.2.mpacbti-rel1-mingw-w64-i686-arm-none-eabi/bin/../lib/gcc/arm-none-eabi/12.2.1/thumb/v7-m/nofp\libm.a(libm_a-k_rem_pio2.o)
 *(.eh_fram e*)

.glue_7         0x08002488        0x0
 .glue_7        0x08002488        0x0 linker stubs

.glue_7t        0x08002488        0x0
 .glue_7t       0x08002488        0x0 linker stubs

.vfp11_veneer   0x08002488        0x0
 .vfp11_veneer  0x08002488        0x0 linker stubs

.v4_bx          0x08002488        0x0
 .v4_bx         0x08002488        0x0 linker stubs

.iplt           0x08002488        0x0
 .iplt          0x08002488        0x0 ..\obj\startup_stm32f10x_md_vl.o

.rel.dyn        0x08002488        0x0
 .rel.iplt      0x08002488        0x0 ..\obj\startup_stm32f10x_md_vl.o

.ARM.extab
 *(.ARM.extab* .gnu.linkonce.armextab.*)
                0x08002488                        __exidx_start = .

.ARM.exidx
 *(.ARM.exidx* .gnu.linkonce.armexidx.*)
                0x08002488                        __exidx_end = .
                0x08002488                        __etext = .
                0x08002488                        _sidata = __etext

.data           0x20000000        0x0 load address 0x08002488
                0x20000000                        __data_start__ = .
                0x20000000                        _sdata = __data_start__
 *(vtable)
 *(.data*)
                0x20000000                        . = ALIGN (0x4)
                [!provide]                        PROVIDE (__preinit_array_start = .)
 *(.preinit_array)
                [!provide]                        PROVIDE (__preinit_array_end = .)
                0x20000000                        . = ALIGN (0x4)
                [!provide]                        PROVIDE (__init_array_start = .)
 *(SORT_BY_NAME(.init_array.*))
 *(.init_array)
                [!provide]                        PROVIDE (__init_array_end = .)
                0x20000000                        . = ALIGN (0x4)
                [!provide]                        PROVIDE (__fini_array_start = .)
 *(SORT_BY_NAME(.fini_array.*))
 *(.fini_array)
                [!provide]                        PROVIDE (__fini_array_end = .)
 *(.jcr*)
                0x20000000                        . = ALIGN (0x4)
                0x20000000                        __data_end__ = .
                0x20000000                        _edata = __data_end__

.igot.plt       0x20000000        0x0
 .igot.plt      0x20000000        0x0 ..\obj\startup_stm32f10x_md_vl.o

.bss            0x20000000      0x20c
                0x20000000                        . = ALIGN (0x4)
                0x20000000                        __bss_start__ = .
                0x20000000                        _sbss = __bss_start__
 *(.bss*)
 .bss           0x20000000      0x20c ..\obj\main.o
                0x20000000                a
                0x20000004                i
                0x20000008                SinysStop
                0x2000000c                arr
 *(COMMON)
                0x2000020c                        . = ALIGN (0x4)
                0x2000020c                        __bss_end__ = .
                0x2000020c                        _ebss = __bss_end__

.heap           0x2000020c        0x0
                0x2000020c                        __end__ = .
                0x2000020c                        _end = __end__
                0x2000020c                        end = __end__
 *(.heap*)
                0x2000020c                        __HeapLimit = .

.co_stack       0x2000020c      0x404
                0x20000210                        . = ALIGN (0x8)
 *fill*         0x2000020c        0x4 
 *(.co_stack .co_stack.*)
 .co_stack      0x20000210      0x400 ..\obj\startup_stm32f10x_md_vl.o
                0x20000210                pulStack
                0x20002000                        __StackTop = (ORIGIN (ram) + LENGTH (ram))
                0x20001bfc                        __StackLimit = (__StackTop - SIZEOF (.co_stack))
                [!provide]                        PROVIDE (__stack = __StackTop)
                0x00000001                        ASSERT ((__StackLimit >= __HeapLimit), region ram  overflowed with stack)
LOAD ..\obj\startup_stm32f10x_md_vl.o
LOAD ..\obj\system_stm32f10x.o
LOAD ..\obj\Sinys_PA4_KEY.o
LOAD ..\obj\main.o
LOAD ..\obj\PWM_PC9_A0_TIM3.o
LOAD c:/stm32/coide/arm-gnu-toolchain-12.2.mpacbti-rel1-mingw-w64-i686-arm-none-eabi/bin/../lib/gcc/arm-none-eabi/12.2.1/thumb/v7-m/nofp\libm.a
START GROUP
LOAD c:/stm32/coide/arm-gnu-toolchain-12.2.mpacbti-rel1-mingw-w64-i686-arm-none-eabi/bin/../lib/gcc/arm-none-eabi/12.2.1/thumb/v7-m/nofp\libgcc.a
LOAD c:/stm32/coide/arm-gnu-toolchain-12.2.mpacbti-rel1-mingw-w64-i686-arm-none-eabi/bin/../lib/gcc/arm-none-eabi/12.2.1/thumb/v7-m/nofp\libg.a
LOAD c:/stm32/coide/arm-gnu-toolchain-12.2.mpacbti-rel1-mingw-w64-i686-arm-none-eabi/bin/../lib/gcc/arm-none-eabi/12.2.1/thumb/v7-m/nofp\libc.a
END GROUP
OUTPUT(SINYS_DMA_DAC.elf elf32-littlearm)
LOAD linker stubs

.debug_info     0x00000000     0x1b5f
 .debug_info    0x00000000      0x105 ..\obj\startup_stm32f10x_md_vl.o
 .debug_info    0x00000105      0x43e ..\obj\system_stm32f10x.o
 .debug_info    0x00000543      0x9f3 ..\obj\Sinys_PA4_KEY.o
 .debug_info    0x00000f36      0x780 ..\obj\main.o
 .debug_info    0x000016b6      0x4a9 ..\obj\PWM_PC9_A0_TIM3.o

.debug_abbrev   0x00000000      0x664
 .debug_abbrev  0x00000000       0xec ..\obj\startup_stm32f10x_md_vl.o
 .debug_abbrev  0x000000ec      0x17d ..\obj\system_stm32f10x.o
 .debug_abbrev  0x00000269      0x16c ..\obj\Sinys_PA4_KEY.o
 .debug_abbrev  0x000003d5      0x1dd ..\obj\main.o
 .debug_abbrev  0x000005b2       0xb2 ..\obj\PWM_PC9_A0_TIM3.o

.debug_aranges  0x00000000       0xe8
 .debug_aranges
                0x00000000       0x28 ..\obj\startup_stm32f10x_md_vl.o
 .debug_aranges
                0x00000028       0x38 ..\obj\system_stm32f10x.o
 .debug_aranges
                0x00000060       0x30 ..\obj\Sinys_PA4_KEY.o
 .debug_aranges
                0x00000090       0x38 ..\obj\main.o
 .debug_aranges
                0x000000c8       0x20 ..\obj\PWM_PC9_A0_TIM3.o

.debug_rnglists
                0x00000000       0x9a
 .debug_rnglists
                0x00000000       0x19 ..\obj\startup_stm32f10x_md_vl.o
 .debug_rnglists
                0x00000019       0x27 ..\obj\system_stm32f10x.o
 .debug_rnglists
                0x00000040       0x20 ..\obj\Sinys_PA4_KEY.o
 .debug_rnglists
                0x00000060       0x26 ..\obj\main.o
 .debug_rnglists
                0x00000086       0x14 ..\obj\PWM_PC9_A0_TIM3.o

.debug_line     0x00000000      0xbfc
 .debug_line    0x00000000       0xb7 ..\obj\startup_stm32f10x_md_vl.o
 .debug_line    0x000000b7      0x364 ..\obj\system_stm32f10x.o
 .debug_line    0x0000041b      0x2bb ..\obj\Sinys_PA4_KEY.o
 .debug_line    0x000006d6      0x324 ..\obj\main.o
 .debug_line    0x000009fa      0x202 ..\obj\PWM_PC9_A0_TIM3.o

.debug_str      0x00000000      0x90c
 .debug_str     0x00000000      0x153 ..\obj\startup_stm32f10x_md_vl.o
                                0x172 (size before relaxing)
 .debug_str     0x00000153      0x1d9 ..\obj\system_stm32f10x.o
                                0x2ce (size before relaxing)
 .debug_str     0x0000032c      0x4e8 ..\obj\Sinys_PA4_KEY.o
                                0x6ea (size before relaxing)
 .debug_str     0x00000814       0xa9 ..\obj\main.o
                                0x641 (size before relaxing)
 .debug_str     0x000008bd       0x4f ..\obj\PWM_PC9_A0_TIM3.o
                                0x337 (size before relaxing)

.comment        0x00000000       0x55
 .comment       0x00000000       0x55 ..\obj\startup_stm32f10x_md_vl.o
                                 0x56 (size before relaxing)
 .comment       0x00000055       0x56 ..\obj\system_stm32f10x.o
 .comment       0x00000055       0x56 ..\obj\Sinys_PA4_KEY.o
 .comment       0x00000055       0x56 ..\obj\main.o
 .comment       0x00000055       0x56 ..\obj\PWM_PC9_A0_TIM3.o

.ARM.attributes
                0x00000000       0x2d
 .ARM.attributes
                0x00000000       0x2d ..\obj\startup_stm32f10x_md_vl.o
 .ARM.attributes
                0x0000002d       0x2d ..\obj\system_stm32f10x.o
 .ARM.attributes
                0x0000005a       0x2d ..\obj\Sinys_PA4_KEY.o
 .ARM.attributes
                0x00000087       0x2d ..\obj\main.o
 .ARM.attributes
                0x000000b4       0x2d ..\obj\PWM_PC9_A0_TIM3.o
 .ARM.attributes
                0x000000e1       0x2d c:/stm32/coide/arm-gnu-toolchain-12.2.mpacbti-rel1-mingw-w64-i686-arm-none-eabi/bin/../lib/gcc/arm-none-eabi/12.2.1/thumb/v7-m/nofp\libm.a(libm_a-s_sin.o)
 .ARM.attributes
                0x0000010e       0x2d c:/stm32/coide/arm-gnu-toolchain-12.2.mpacbti-rel1-mingw-w64-i686-arm-none-eabi/bin/../lib/gcc/arm-none-eabi/12.2.1/thumb/v7-m/nofp\libm.a(libm_a-k_cos.o)
 .ARM.attributes
                0x0000013b       0x2d c:/stm32/coide/arm-gnu-toolchain-12.2.mpacbti-rel1-mingw-w64-i686-arm-none-eabi/bin/../lib/gcc/arm-none-eabi/12.2.1/thumb/v7-m/nofp\libm.a(libm_a-k_sin.o)
 .ARM.attributes
                0x00000168       0x2d c:/stm32/coide/arm-gnu-toolchain-12.2.mpacbti-rel1-mingw-w64-i686-arm-none-eabi/bin/../lib/gcc/arm-none-eabi/12.2.1/thumb/v7-m/nofp\libm.a(libm_a-e_rem_pio2.o)
 .ARM.attributes
                0x00000195       0x2d c:/stm32/coide/arm-gnu-toolchain-12.2.mpacbti-rel1-mingw-w64-i686-arm-none-eabi/bin/../lib/gcc/arm-none-eabi/12.2.1/thumb/v7-m/nofp\libm.a(libm_a-s_fabs.o)
 .ARM.attributes
                0x000001c2       0x2d c:/stm32/coide/arm-gnu-toolchain-12.2.mpacbti-rel1-mingw-w64-i686-arm-none-eabi/bin/../lib/gcc/arm-none-eabi/12.2.1/thumb/v7-m/nofp\libm.a(libm_a-k_rem_pio2.o)
 .ARM.attributes
                0x000001ef       0x2d c:/stm32/coide/arm-gnu-toolchain-12.2.mpacbti-rel1-mingw-w64-i686-arm-none-eabi/bin/../lib/gcc/arm-none-eabi/12.2.1/thumb/v7-m/nofp\libm.a(libm_a-s_scalbn.o)
 .ARM.attributes
                0x0000021c       0x2d c:/stm32/coide/arm-gnu-toolchain-12.2.mpacbti-rel1-mingw-w64-i686-arm-none-eabi/bin/../lib/gcc/arm-none-eabi/12.2.1/thumb/v7-m/nofp\libm.a(libm_a-s_floor.o)
 .ARM.attributes
                0x00000249       0x1d c:/stm32/coide/arm-gnu-toolchain-12.2.mpacbti-rel1-mingw-w64-i686-arm-none-eabi/bin/../lib/gcc/arm-none-eabi/12.2.1/thumb/v7-m/nofp\libgcc.a(_arm_addsubdf3.o)
 .ARM.attributes
                0x00000266       0x1d c:/stm32/coide/arm-gnu-toolchain-12.2.mpacbti-rel1-mingw-w64-i686-arm-none-eabi/bin/../lib/gcc/arm-none-eabi/12.2.1/thumb/v7-m/nofp\libgcc.a(_arm_muldivdf3.o)
 .ARM.attributes
                0x00000283       0x1d c:/stm32/coide/arm-gnu-toolchain-12.2.mpacbti-rel1-mingw-w64-i686-arm-none-eabi/bin/../lib/gcc/arm-none-eabi/12.2.1/thumb/v7-m/nofp\libgcc.a(_arm_cmpdf2.o)
 .ARM.attributes
                0x000002a0       0x1d c:/stm32/coide/arm-gnu-toolchain-12.2.mpacbti-rel1-mingw-w64-i686-arm-none-eabi/bin/../lib/gcc/arm-none-eabi/12.2.1/thumb/v7-m/nofp\libgcc.a(_arm_fixdfsi.o)

.debug_frame    0x00000000      0x5f8
 .debug_frame   0x00000000       0x4c ..\obj\startup_stm32f10x_md_vl.o
 .debug_frame   0x0000004c       0x98 ..\obj\system_stm32f10x.o
 .debug_frame   0x000000e4       0x7c ..\obj\Sinys_PA4_KEY.o
 .debug_frame   0x00000160       0x98 ..\obj\main.o
 .debug_frame   0x000001f8       0x30 ..\obj\PWM_PC9_A0_TIM3.o
 .debug_frame   0x00000228       0x40 c:/stm32/coide/arm-gnu-toolchain-12.2.mpacbti-rel1-mingw-w64-i686-arm-none-eabi/bin/../lib/gcc/arm-none-eabi/12.2.1/thumb/v7-m/nofp\libm.a(libm_a-s_sin.o)
 .debug_frame   0x00000268       0x4c c:/stm32/coide/arm-gnu-toolchain-12.2.mpacbti-rel1-mingw-w64-i686-arm-none-eabi/bin/../lib/gcc/arm-none-eabi/12.2.1/thumb/v7-m/nofp\libm.a(libm_a-k_cos.o)
 .debug_frame   0x000002b4       0x48 c:/stm32/coide/arm-gnu-toolchain-12.2.mpacbti-rel1-mingw-w64-i686-arm-none-eabi/bin/../lib/gcc/arm-none-eabi/12.2.1/thumb/v7-m/nofp\libm.a(libm_a-k_sin.o)
 .debug_frame   0x000002fc       0x40 c:/stm32/coide/arm-gnu-toolchain-12.2.mpacbti-rel1-mingw-w64-i686-arm-none-eabi/bin/../lib/gcc/arm-none-eabi/12.2.1/thumb/v7-m/nofp\libm.a(libm_a-e_rem_pio2.o)
 .debug_frame   0x0000033c       0x20 c:/stm32/coide/arm-gnu-toolchain-12.2.mpacbti-rel1-mingw-w64-i686-arm-none-eabi/bin/../lib/gcc/arm-none-eabi/12.2.1/thumb/v7-m/nofp\libm.a(libm_a-s_fabs.o)
 .debug_frame   0x0000035c       0x58 c:/stm32/coide/arm-gnu-toolchain-12.2.mpacbti-rel1-mingw-w64-i686-arm-none-eabi/bin/../lib/gcc/arm-none-eabi/12.2.1/thumb/v7-m/nofp\libm.a(libm_a-k_rem_pio2.o)
 .debug_frame   0x000003b4       0x30 c:/stm32/coide/arm-gnu-toolchain-12.2.mpacbti-rel1-mingw-w64-i686-arm-none-eabi/bin/../lib/gcc/arm-none-eabi/12.2.1/thumb/v7-m/nofp\libm.a(libm_a-s_scalbn.o)
 .debug_frame   0x000003e4       0x30 c:/stm32/coide/arm-gnu-toolchain-12.2.mpacbti-rel1-mingw-w64-i686-arm-none-eabi/bin/../lib/gcc/arm-none-eabi/12.2.1/thumb/v7-m/nofp\libm.a(libm_a-s_floor.o)
 .debug_frame   0x00000414       0xac c:/stm32/coide/arm-gnu-toolchain-12.2.mpacbti-rel1-mingw-w64-i686-arm-none-eabi/bin/../lib/gcc/arm-none-eabi/12.2.1/thumb/v7-m/nofp\libgcc.a(_arm_addsubdf3.o)
 .debug_frame   0x000004c0       0x50 c:/stm32/coide/arm-gnu-toolchain-12.2.mpacbti-rel1-mingw-w64-i686-arm-none-eabi/bin/../lib/gcc/arm-none-eabi/12.2.1/thumb/v7-m/nofp\libgcc.a(_arm_muldivdf3.o)
 .debug_frame   0x00000510       0xc4 c:/stm32/coide/arm-gnu-toolchain-12.2.mpacbti-rel1-mingw-w64-i686-arm-none-eabi/bin/../lib/gcc/arm-none-eabi/12.2.1/thumb/v7-m/nofp\libgcc.a(_arm_cmpdf2.o)
 .debug_frame   0x000005d4       0x24 c:/stm32/coide/arm-gnu-toolchain-12.2.mpacbti-rel1-mingw-w64-i686-arm-none-eabi/bin/../lib/gcc/arm-none-eabi/12.2.1/thumb/v7-m/nofp\libgcc.a(_arm_fixdfsi.o)

.debug_line_str
                0x00000000       0xda
 .debug_line_str
                0x00000000       0xda c:/stm32/coide/arm-gnu-toolchain-12.2.mpacbti-rel1-mingw-w64-i686-arm-none-eabi/bin/../lib/gcc/arm-none-eabi/12.2.1/thumb/v7-m/nofp\libgcc.a(_arm_addsubdf3.o)
 .debug_line_str
                0x000000da       0xda c:/stm32/coide/arm-gnu-toolchain-12.2.mpacbti-rel1-mingw-w64-i686-arm-none-eabi/bin/../lib/gcc/arm-none-eabi/12.2.1/thumb/v7-m/nofp\libgcc.a(_arm_muldivdf3.o)
 .debug_line_str
                0x000000da       0xda c:/stm32/coide/arm-gnu-toolchain-12.2.mpacbti-rel1-mingw-w64-i686-arm-none-eabi/bin/../lib/gcc/arm-none-eabi/12.2.1/thumb/v7-m/nofp\libgcc.a(_arm_cmpdf2.o)
 .debug_line_str
                0x000000da       0xda c:/stm32/coide/arm-gnu-toolchain-12.2.mpacbti-rel1-mingw-w64-i686-arm-none-eabi/bin/../lib/gcc/arm-none-eabi/12.2.1/thumb/v7-m/nofp\libgcc.a(_arm_fixdfsi.o)
